running egg_info
creating ../../../build/day2pkg/day2pkg.egg-info
writing ../../../build/day2pkg/day2pkg.egg-info/PKG-INFO
writing dependency_links to ../../../build/day2pkg/day2pkg.egg-info/dependency_links.txt
writing entry points to ../../../build/day2pkg/day2pkg.egg-info/entry_points.txt
writing requirements to ../../../build/day2pkg/day2pkg.egg-info/requires.txt
writing top-level names to ../../../build/day2pkg/day2pkg.egg-info/top_level.txt
writing manifest file '../../../build/day2pkg/day2pkg.egg-info/SOURCES.txt'
reading manifest file '../../../build/day2pkg/day2pkg.egg-info/SOURCES.txt'
writing manifest file '../../../build/day2pkg/day2pkg.egg-info/SOURCES.txt'
running build
running build_py
creating /home/robo/Robotics/build/day2pkg/build
creating /home/robo/Robotics/build/day2pkg/build/lib
creating /home/robo/Robotics/build/day2pkg/build/lib/day2pkg
copying day2pkg/__init__.py -> /home/robo/Robotics/build/day2pkg/build/lib/day2pkg
copying day2pkg/node1.py -> /home/robo/Robotics/build/day2pkg/build/lib/day2pkg
running install
running install_lib
creating /home/robo/Robotics/install/day2pkg/lib/python3.12/site-packages/day2pkg
copying /home/robo/Robotics/build/day2pkg/build/lib/day2pkg/__init__.py -> /home/robo/Robotics/install/day2pkg/lib/python3.12/site-packages/day2pkg
copying /home/robo/Robotics/build/day2pkg/build/lib/day2pkg/node1.py -> /home/robo/Robotics/install/day2pkg/lib/python3.12/site-packages/day2pkg
byte-compiling /home/robo/Robotics/install/day2pkg/lib/python3.12/site-packages/day2pkg/__init__.py to __init__.cpython-312.pyc
byte-compiling /home/robo/Robotics/install/day2pkg/lib/python3.12/site-packages/day2pkg/node1.py to node1.cpython-312.pyc
running install_data
creating /home/robo/Robotics/install/day2pkg/share
creating /home/robo/Robotics/install/day2pkg/share/ament_index
creating /home/robo/Robotics/install/day2pkg/share/ament_index/resource_index
creating /home/robo/Robotics/install/day2pkg/share/ament_index/resource_index/packages
copying resource/day2pkg -> /home/robo/Robotics/install/day2pkg/share/ament_index/resource_index/packages
creating /home/robo/Robotics/install/day2pkg/share/day2pkg
copying package.xml -> /home/robo/Robotics/install/day2pkg/share/day2pkg
running install_egg_info
Copying ../../../build/day2pkg/day2pkg.egg-info to /home/robo/Robotics/install/day2pkg/lib/python3.12/site-packages/day2pkg-0.0.0-py3.12.egg-info
running install_scripts
Installing node1 script to /home/robo/Robotics/install/day2pkg/lib/day2pkg
writing list of installed files to '/home/robo/Robotics/build/day2pkg/install.log'
