[0.563s] Invoking command in '/home/robo/Robotics/robotics_ws/src/day2pkg': DEBUGINFOD_URLS=https://debuginfod.ubuntu.com PYTHONPATH=/home/robo/Robotics/build/day2pkg/prefix_override:/usr/lib/python3/dist-packages/colcon_core/task/python/colcon_distutils_commands:/home/robo/Robotics/install/day2pkg/lib/python3.12/site-packages:${PYTHONPATH} /usr/bin/python3 -W ignore:setup.py install is deprecated -W ignore:easy_install command is deprecated setup.py egg_info --egg-base ../../../build/day2pkg build --build-base /home/robo/Robotics/build/day2pkg/build install --record /home/robo/Robotics/build/day2pkg/install.log --install-scripts $base/lib/day2pkg --single-version-externally-managed install_data
[0.746s] running egg_info
[0.746s] creating ../../../build/day2pkg/day2pkg.egg-info
[0.759s] writing ../../../build/day2pkg/day2pkg.egg-info/PKG-INFO
[0.759s] writing dependency_links to ../../../build/day2pkg/day2pkg.egg-info/dependency_links.txt
[0.759s] writing entry points to ../../../build/day2pkg/day2pkg.egg-info/entry_points.txt
[0.760s] writing requirements to ../../../build/day2pkg/day2pkg.egg-info/requires.txt
[0.760s] writing top-level names to ../../../build/day2pkg/day2pkg.egg-info/top_level.txt
[0.760s] writing manifest file '../../../build/day2pkg/day2pkg.egg-info/SOURCES.txt'
[0.786s] reading manifest file '../../../build/day2pkg/day2pkg.egg-info/SOURCES.txt'
[0.786s] writing manifest file '../../../build/day2pkg/day2pkg.egg-info/SOURCES.txt'
[0.786s] running build
[0.786s] running build_py
[0.786s] creating /home/robo/Robotics/build/day2pkg/build
[0.786s] creating /home/robo/Robotics/build/day2pkg/build/lib
[0.787s] creating /home/robo/Robotics/build/day2pkg/build/lib/day2pkg
[0.787s] copying day2pkg/__init__.py -> /home/robo/Robotics/build/day2pkg/build/lib/day2pkg
[0.787s] copying day2pkg/node1.py -> /home/robo/Robotics/build/day2pkg/build/lib/day2pkg
[0.787s] running install
[0.791s] running install_lib
[0.804s] creating /home/robo/Robotics/install/day2pkg/lib/python3.12/site-packages/day2pkg
[0.804s] copying /home/robo/Robotics/build/day2pkg/build/lib/day2pkg/__init__.py -> /home/robo/Robotics/install/day2pkg/lib/python3.12/site-packages/day2pkg
[0.805s] copying /home/robo/Robotics/build/day2pkg/build/lib/day2pkg/node1.py -> /home/robo/Robotics/install/day2pkg/lib/python3.12/site-packages/day2pkg
[0.805s] byte-compiling /home/robo/Robotics/install/day2pkg/lib/python3.12/site-packages/day2pkg/__init__.py to __init__.cpython-312.pyc
[0.805s] byte-compiling /home/robo/Robotics/install/day2pkg/lib/python3.12/site-packages/day2pkg/node1.py to node1.cpython-312.pyc
[0.805s] running install_data
[0.805s] creating /home/robo/Robotics/install/day2pkg/share
[0.805s] creating /home/robo/Robotics/install/day2pkg/share/ament_index
[0.805s] creating /home/robo/Robotics/install/day2pkg/share/ament_index/resource_index
[0.805s] creating /home/robo/Robotics/install/day2pkg/share/ament_index/resource_index/packages
[0.805s] copying resource/day2pkg -> /home/robo/Robotics/install/day2pkg/share/ament_index/resource_index/packages
[0.805s] creating /home/robo/Robotics/install/day2pkg/share/day2pkg
[0.806s] copying package.xml -> /home/robo/Robotics/install/day2pkg/share/day2pkg
[0.806s] running install_egg_info
[0.819s] Copying ../../../build/day2pkg/day2pkg.egg-info to /home/robo/Robotics/install/day2pkg/lib/python3.12/site-packages/day2pkg-0.0.0-py3.12.egg-info
[0.820s] running install_scripts
[0.909s] Installing node1 script to /home/robo/Robotics/install/day2pkg/lib/day2pkg
[0.909s] writing list of installed files to '/home/robo/Robotics/build/day2pkg/install.log'
[0.929s] Invoked command in '/home/robo/Robotics/robotics_ws/src/day2pkg' returned '0': DEBUGINFOD_URLS=https://debuginfod.ubuntu.com PYTHONPATH=/home/robo/Robotics/build/day2pkg/prefix_override:/usr/lib/python3/dist-packages/colcon_core/task/python/colcon_distutils_commands:/home/robo/Robotics/install/day2pkg/lib/python3.12/site-packages:${PYTHONPATH} /usr/bin/python3 -W ignore:setup.py install is deprecated -W ignore:easy_install command is deprecated setup.py egg_info --egg-base ../../../build/day2pkg build --build-base /home/robo/Robotics/build/day2pkg/build install --record /home/robo/Robotics/build/day2pkg/install.log --install-scripts $base/lib/day2pkg --single-version-externally-managed install_data
