[0.565s] Invoking command in '/home/robo/Robotics/robotics_ws/src/day2pkg': DEBUGINFOD_URLS=https://debuginfod.ubuntu.com PYTHONPATH=/home/robo/Robotics/robotics_ws/build/day2pkg/prefix_override:/usr/lib/python3/dist-packages/colcon_core/task/python/colcon_distutils_commands:/home/robo/Robotics/robotics_ws/install/day2pkg/lib/python3.12/site-packages:${PYTHONPATH} /usr/bin/python3 -W ignore:setup.py install is deprecated -W ignore:easy_install command is deprecated setup.py egg_info --egg-base ../../build/day2pkg build --build-base /home/robo/Robotics/robotics_ws/build/day2pkg/build install --record /home/robo/Robotics/robotics_ws/build/day2pkg/install.log --install-scripts $base/lib/day2pkg --single-version-externally-managed install_data
[0.752s] running egg_info
[0.764s] writing ../../build/day2pkg/day2pkg.egg-info/PKG-INFO
[0.765s] writing dependency_links to ../../build/day2pkg/day2pkg.egg-info/dependency_links.txt
[0.765s] writing entry points to ../../build/day2pkg/day2pkg.egg-info/entry_points.txt
[0.765s] writing requirements to ../../build/day2pkg/day2pkg.egg-info/requires.txt
[0.765s] writing top-level names to ../../build/day2pkg/day2pkg.egg-info/top_level.txt
[0.791s] reading manifest file '../../build/day2pkg/day2pkg.egg-info/SOURCES.txt'
[0.792s] writing manifest file '../../build/day2pkg/day2pkg.egg-info/SOURCES.txt'
[0.792s] running build
[0.792s] running build_py
[0.792s] running install
[0.796s] running install_lib
[0.809s] running install_data
[0.810s] running install_egg_info
[0.823s] removing '/home/robo/Robotics/robotics_ws/install/day2pkg/lib/python3.12/site-packages/day2pkg-0.0.0-py3.12.egg-info' (and everything under it)
[0.824s] Copying ../../build/day2pkg/day2pkg.egg-info to /home/robo/Robotics/robotics_ws/install/day2pkg/lib/python3.12/site-packages/day2pkg-0.0.0-py3.12.egg-info
[0.824s] running install_scripts
[0.913s] Installing node1 script to /home/robo/Robotics/robotics_ws/install/day2pkg/lib/day2pkg
[0.913s] writing list of installed files to '/home/robo/Robotics/robotics_ws/build/day2pkg/install.log'
[0.933s] Invoked command in '/home/robo/Robotics/robotics_ws/src/day2pkg' returned '0': DEBUGINFOD_URLS=https://debuginfod.ubuntu.com PYTHONPATH=/home/robo/Robotics/robotics_ws/build/day2pkg/prefix_override:/usr/lib/python3/dist-packages/colcon_core/task/python/colcon_distutils_commands:/home/robo/Robotics/robotics_ws/install/day2pkg/lib/python3.12/site-packages:${PYTHONPATH} /usr/bin/python3 -W ignore:setup.py install is deprecated -W ignore:easy_install command is deprecated setup.py egg_info --egg-base ../../build/day2pkg build --build-base /home/robo/Robotics/robotics_ws/build/day2pkg/build install --record /home/robo/Robotics/robotics_ws/build/day2pkg/install.log --install-scripts $base/lib/day2pkg --single-version-externally-managed install_data
