[0.074s] DEBUG:colcon:Command line arguments: ['/usr/bin/colcon', 'build']
[0.074s] DEBUG:colcon:Parsed command line arguments: Namespace(log_base=None, log_level=None, verb_name='build', build_base='build', install_base='install', merge_install=False, symlink_install=False, test_result_base=None, continue_on_error=False, executor='parallel', parallel_workers=24, event_handlers=None, ignore_user_meta=False, metas=['./colcon.meta'], base_paths=['.'], packages_ignore=None, packages_ignore_regex=None, paths=None, packages_up_to=None, packages_up_to_regex=None, packages_above=None, packages_above_and_dependencies=None, packages_above_depth=None, packages_select_by_dep=None, packages_skip_by_dep=None, packages_skip_up_to=None, packages_select_build_failed=False, packages_skip_build_finished=False, packages_select_test_failures=False, packages_skip_test_passed=False, packages_select=None, packages_skip=None, packages_select_regex=None, packages_skip_regex=None, packages_start=None, packages_end=None, allow_overriding=[], cmake_args=None, cmake_target=None, cmake_target_skip_unavailable=False, cmake_clean_cache=False, cmake_clean_first=False, cmake_force_configure=False, ament_cmake_args=None, catkin_cmake_args=None, catkin_skip_building_tests=False, mixin_files=None, mixin=None, verb_parser=<colcon_mixin.mixin.mixin_argument.MixinArgumentDecorator object at 0x7f77db6a5c70>, verb_extension=<colcon_core.verb.build.BuildVerb object at 0x7f77dbffc4a0>, main=<bound method BuildVerb.main of <colcon_core.verb.build.BuildVerb object at 0x7f77dbffc4a0>>, mixin_verb=('build',))
[0.100s] Level 1:colcon.colcon_core.package_discovery:discover_packages(colcon_meta) check parameters
[0.100s] Level 1:colcon.colcon_core.package_discovery:discover_packages(recursive) check parameters
[0.100s] Level 1:colcon.colcon_core.package_discovery:discover_packages(ignore) check parameters
[0.100s] Level 1:colcon.colcon_core.package_discovery:discover_packages(path) check parameters
[0.100s] Level 1:colcon.colcon_core.package_discovery:discover_packages(colcon_meta) discover
[0.100s] Level 1:colcon.colcon_core.package_discovery:discover_packages(recursive) discover
[0.100s] INFO:colcon.colcon_core.package_discovery:Crawling recursively for packages in '/home/robo/Robotics/robotics_ws'
[0.100s] Level 1:colcon.colcon_core.package_identification:_identify(.) by extensions ['ignore', 'ignore_ament_install']
[0.100s] Level 1:colcon.colcon_core.package_identification:_identify(.) by extension 'ignore'
[0.100s] Level 1:colcon.colcon_core.package_identification:_identify(.) by extension 'ignore_ament_install'
[0.100s] Level 1:colcon.colcon_core.package_identification:_identify(.) by extensions ['colcon_pkg']
[0.100s] Level 1:colcon.colcon_core.package_identification:_identify(.) by extension 'colcon_pkg'
[0.100s] Level 1:colcon.colcon_core.package_identification:_identify(.) by extensions ['colcon_meta']
[0.100s] Level 1:colcon.colcon_core.package_identification:_identify(.) by extension 'colcon_meta'
[0.100s] Level 1:colcon.colcon_core.package_identification:_identify(.) by extensions ['ros']
[0.100s] Level 1:colcon.colcon_core.package_identification:_identify(.) by extension 'ros'
[0.119s] Level 1:colcon.colcon_core.package_identification:_identify(.) by extensions ['cmake', 'python']
[0.119s] Level 1:colcon.colcon_core.package_identification:_identify(.) by extension 'cmake'
[0.119s] Level 1:colcon.colcon_core.package_identification:_identify(.) by extension 'python'
[0.119s] Level 1:colcon.colcon_core.package_identification:_identify(.) by extensions ['python_setup_py']
[0.119s] Level 1:colcon.colcon_core.package_identification:_identify(.) by extension 'python_setup_py'
[0.119s] Level 1:colcon.colcon_core.package_identification:_identify(build) by extensions ['ignore', 'ignore_ament_install']
[0.120s] Level 1:colcon.colcon_core.package_identification:_identify(build) by extension 'ignore'
[0.120s] Level 1:colcon.colcon_core.package_identification:_identify(build) ignored
[0.120s] Level 1:colcon.colcon_core.package_identification:_identify(install) by extensions ['ignore', 'ignore_ament_install']
[0.120s] Level 1:colcon.colcon_core.package_identification:_identify(install) by extension 'ignore'
[0.120s] Level 1:colcon.colcon_core.package_identification:_identify(install) ignored
[0.120s] Level 1:colcon.colcon_core.package_identification:_identify(log) by extensions ['ignore', 'ignore_ament_install']
[0.120s] Level 1:colcon.colcon_core.package_identification:_identify(log) by extension 'ignore'
[0.120s] Level 1:colcon.colcon_core.package_identification:_identify(log) ignored
[0.120s] Level 1:colcon.colcon_core.package_identification:_identify(src) by extensions ['ignore', 'ignore_ament_install']
[0.120s] Level 1:colcon.colcon_core.package_identification:_identify(src) by extension 'ignore'
[0.120s] Level 1:colcon.colcon_core.package_identification:_identify(src) by extension 'ignore_ament_install'
[0.120s] Level 1:colcon.colcon_core.package_identification:_identify(src) by extensions ['colcon_pkg']
[0.120s] Level 1:colcon.colcon_core.package_identification:_identify(src) by extension 'colcon_pkg'
[0.120s] Level 1:colcon.colcon_core.package_identification:_identify(src) by extensions ['colcon_meta']
[0.120s] Level 1:colcon.colcon_core.package_identification:_identify(src) by extension 'colcon_meta'
[0.120s] Level 1:colcon.colcon_core.package_identification:_identify(src) by extensions ['ros']
[0.120s] Level 1:colcon.colcon_core.package_identification:_identify(src) by extension 'ros'
[0.120s] Level 1:colcon.colcon_core.package_identification:_identify(src) by extensions ['cmake', 'python']
[0.120s] Level 1:colcon.colcon_core.package_identification:_identify(src) by extension 'cmake'
[0.120s] Level 1:colcon.colcon_core.package_identification:_identify(src) by extension 'python'
[0.120s] Level 1:colcon.colcon_core.package_identification:_identify(src) by extensions ['python_setup_py']
[0.120s] Level 1:colcon.colcon_core.package_identification:_identify(src) by extension 'python_setup_py'
[0.120s] Level 1:colcon.colcon_core.package_identification:_identify(src/day2pkg) by extensions ['ignore', 'ignore_ament_install']
[0.120s] Level 1:colcon.colcon_core.package_identification:_identify(src/day2pkg) by extension 'ignore'
[0.120s] Level 1:colcon.colcon_core.package_identification:_identify(src/day2pkg) by extension 'ignore_ament_install'
[0.120s] Level 1:colcon.colcon_core.package_identification:_identify(src/day2pkg) by extensions ['colcon_pkg']
[0.120s] Level 1:colcon.colcon_core.package_identification:_identify(src/day2pkg) by extension 'colcon_pkg'
[0.120s] Level 1:colcon.colcon_core.package_identification:_identify(src/day2pkg) by extensions ['colcon_meta']
[0.120s] Level 1:colcon.colcon_core.package_identification:_identify(src/day2pkg) by extension 'colcon_meta'
[0.120s] Level 1:colcon.colcon_core.package_identification:_identify(src/day2pkg) by extensions ['ros']
[0.120s] Level 1:colcon.colcon_core.package_identification:_identify(src/day2pkg) by extension 'ros'
[0.122s] DEBUG:colcon.colcon_core.package_identification:Found ROS schema reference in package manifest in 'src/day2pkg'
[0.122s] WARNING:colcon.colcon_core.package_identification:Failed to parse ROS package manifest in 'src/day2pkg': Error(s) in package 'src/day2pkg/package.xml':
Invalid email "DavidRoss" for person "robo"
[0.122s] Level 1:colcon.colcon_core.package_identification:_identify(src/day2pkg) by extensions ['cmake', 'python']
[0.123s] Level 1:colcon.colcon_core.package_identification:_identify(src/day2pkg) by extension 'cmake'
[0.123s] Level 1:colcon.colcon_core.package_identification:_identify(src/day2pkg) by extension 'python'
[0.123s] DEBUG:colcon.colcon_core.package_identification:Python package in 'src/day2pkg' passes arguments to the setup() function which requires a different identification extension than 'python'
[0.123s] Level 1:colcon.colcon_core.package_identification:_identify(src/day2pkg) by extensions ['python_setup_py']
[0.123s] Level 1:colcon.colcon_core.package_identification:_identify(src/day2pkg) by extension 'python_setup_py'
[0.271s] DEBUG:colcon.colcon_core.package_identification:Package 'src/day2pkg' with type 'python' and name 'day2pkg'
[0.271s] Level 1:colcon.colcon_core.package_discovery:discover_packages(recursive) using defaults
[0.271s] Level 1:colcon.colcon_core.package_discovery:discover_packages(ignore) discover
[0.271s] Level 1:colcon.colcon_core.package_discovery:discover_packages(ignore) using defaults
[0.271s] Level 1:colcon.colcon_core.package_discovery:discover_packages(path) discover
[0.271s] Level 1:colcon.colcon_core.package_discovery:discover_packages(path) using defaults
[0.284s] Level 1:colcon.colcon_core.package_discovery:discover_packages(prefix_path) check parameters
[0.285s] Level 1:colcon.colcon_core.package_discovery:discover_packages(prefix_path) discover
[0.286s] DEBUG:colcon.colcon_installed_package_information.package_discovery:Found 1 installed packages in /home/robo/Robotics/robotics_ws/install
[0.286s] DEBUG:colcon.colcon_installed_package_information.package_discovery:Found 1 installed packages in /home/robo/Robotics/install
[0.286s] DEBUG:colcon.colcon_installed_package_information.package_discovery:Found 1 installed packages in /home/robo/install
[0.287s] DEBUG:colcon.colcon_installed_package_information.package_discovery:Found 481 installed packages in /opt/ros/jazzy
[0.289s] Level 1:colcon.colcon_core.package_discovery:discover_packages(prefix_path) using defaults
[0.325s] Level 5:colcon.colcon_core.verb:set package 'day2pkg' build argument 'cmake_args' from command line to 'None'
[0.325s] Level 5:colcon.colcon_core.verb:set package 'day2pkg' build argument 'cmake_target' from command line to 'None'
[0.325s] Level 5:colcon.colcon_core.verb:set package 'day2pkg' build argument 'cmake_target_skip_unavailable' from command line to 'False'
[0.325s] Level 5:colcon.colcon_core.verb:set package 'day2pkg' build argument 'cmake_clean_cache' from command line to 'False'
[0.325s] Level 5:colcon.colcon_core.verb:set package 'day2pkg' build argument 'cmake_clean_first' from command line to 'False'
[0.325s] Level 5:colcon.colcon_core.verb:set package 'day2pkg' build argument 'cmake_force_configure' from command line to 'False'
[0.325s] Level 5:colcon.colcon_core.verb:set package 'day2pkg' build argument 'ament_cmake_args' from command line to 'None'
[0.325s] Level 5:colcon.colcon_core.verb:set package 'day2pkg' build argument 'catkin_cmake_args' from command line to 'None'
[0.325s] Level 5:colcon.colcon_core.verb:set package 'day2pkg' build argument 'catkin_skip_building_tests' from command line to 'False'
[0.325s] DEBUG:colcon.colcon_core.verb:Building package 'day2pkg' with the following arguments: {'ament_cmake_args': None, 'build_base': '/home/robo/Robotics/robotics_ws/build/day2pkg', 'catkin_cmake_args': None, 'catkin_skip_building_tests': False, 'cmake_args': None, 'cmake_clean_cache': False, 'cmake_clean_first': False, 'cmake_force_configure': False, 'cmake_target': None, 'cmake_target_skip_unavailable': False, 'install_base': '/home/robo/Robotics/robotics_ws/install/day2pkg', 'merge_install': False, 'path': '/home/robo/Robotics/robotics_ws/src/day2pkg', 'symlink_install': False, 'test_result_base': None}
[0.325s] INFO:colcon.colcon_core.executor:Executing jobs using 'parallel' executor
[0.326s] DEBUG:colcon.colcon_parallel_executor.executor.parallel:run_until_complete
[0.326s] INFO:colcon.colcon_core.task.python.build:Building Python package in '/home/robo/Robotics/robotics_ws/src/day2pkg'
[0.328s] INFO:colcon.colcon_core.plugin_system:Skipping extension 'colcon_core.shell.bat': Not used on non-Windows systems
[0.328s] INFO:colcon.colcon_core.shell:Skip shell extension 'powershell' for command environment: Not usable outside of PowerShell
[0.328s] DEBUG:colcon.colcon_core.shell:Skip shell extension 'dsv' for command environment
[0.878s] DEBUG:colcon.colcon_core.task.python.build:Available setuptools commands: extract_messages, egg_info, editable_wheel, compile_catalog, bdist_wheel, clean, bdist, saveopts, develop, alias, upload, test, bdist_egg, build_py, install_lib, bdist_dumb, init_catalog, dist_info, install_data, symlink_data, setopt, install, rotate, register, update_catalog, install_headers, bdist_rpm, install_egg_info, build, upload_docs, build_scripts, build_clib, easy_install, build_ext, check, install_scripts, sdist
[0.880s] DEBUG:colcon.colcon_core.event_handler.log_command:Invoking command in '/home/robo/Robotics/robotics_ws/src/day2pkg': DEBUGINFOD_URLS=https://debuginfod.ubuntu.com PYTHONPATH=/home/robo/Robotics/robotics_ws/build/day2pkg/prefix_override:/usr/lib/python3/dist-packages/colcon_core/task/python/colcon_distutils_commands:/home/robo/Robotics/robotics_ws/install/day2pkg/lib/python3.12/site-packages:${PYTHONPATH} /usr/bin/python3 -W ignore:setup.py install is deprecated -W ignore:easy_install command is deprecated setup.py egg_info --egg-base ../../build/day2pkg build --build-base /home/robo/Robotics/robotics_ws/build/day2pkg/build install --record /home/robo/Robotics/robotics_ws/build/day2pkg/install.log --install-scripts $base/lib/day2pkg --single-version-externally-managed install_data
[1.248s] DEBUG:colcon.colcon_core.event_handler.log_command:Invoked command in '/home/robo/Robotics/robotics_ws/src/day2pkg' returned '0': DEBUGINFOD_URLS=https://debuginfod.ubuntu.com PYTHONPATH=/home/robo/Robotics/robotics_ws/build/day2pkg/prefix_override:/usr/lib/python3/dist-packages/colcon_core/task/python/colcon_distutils_commands:/home/robo/Robotics/robotics_ws/install/day2pkg/lib/python3.12/site-packages:${PYTHONPATH} /usr/bin/python3 -W ignore:setup.py install is deprecated -W ignore:easy_install command is deprecated setup.py egg_info --egg-base ../../build/day2pkg build --build-base /home/robo/Robotics/robotics_ws/build/day2pkg/build install --record /home/robo/Robotics/robotics_ws/build/day2pkg/install.log --install-scripts $base/lib/day2pkg --single-version-externally-managed install_data
[1.250s] Level 1:colcon.colcon_core.environment:checking '/home/robo/Robotics/robotics_ws/install/day2pkg' for CMake module files
[1.250s] Level 1:colcon.colcon_core.environment:checking '/home/robo/Robotics/robotics_ws/install/day2pkg' for CMake config files
[1.251s] Level 1:colcon.colcon_core.environment:checking '/home/robo/Robotics/robotics_ws/install/day2pkg/lib'
[1.251s] Level 1:colcon.colcon_core.environment:checking '/home/robo/Robotics/robotics_ws/install/day2pkg/bin'
[1.251s] Level 1:colcon.colcon_core.environment:checking '/home/robo/Robotics/robotics_ws/install/day2pkg/lib/pkgconfig/day2pkg.pc'
[1.251s] Level 1:colcon.colcon_core.environment:checking '/home/robo/Robotics/robotics_ws/install/day2pkg/lib/python3.12/site-packages'
[1.251s] Level 1:colcon.colcon_core.shell:create_environment_hook('day2pkg', 'pythonpath')
[1.251s] INFO:colcon.colcon_core.shell:Creating environment hook '/home/robo/Robotics/robotics_ws/install/day2pkg/share/day2pkg/hook/pythonpath.ps1'
[1.252s] INFO:colcon.colcon_core.shell:Creating environment descriptor '/home/robo/Robotics/robotics_ws/install/day2pkg/share/day2pkg/hook/pythonpath.dsv'
[1.252s] INFO:colcon.colcon_core.shell:Creating environment hook '/home/robo/Robotics/robotics_ws/install/day2pkg/share/day2pkg/hook/pythonpath.sh'
[1.253s] Level 1:colcon.colcon_core.environment:checking '/home/robo/Robotics/robotics_ws/install/day2pkg/bin'
[1.253s] Level 1:colcon.colcon_core.environment:create_environment_scripts_only(day2pkg)
[1.253s] INFO:colcon.colcon_core.shell:Creating package script '/home/robo/Robotics/robotics_ws/install/day2pkg/share/day2pkg/package.ps1'
[1.253s] INFO:colcon.colcon_core.shell:Creating package descriptor '/home/robo/Robotics/robotics_ws/install/day2pkg/share/day2pkg/package.dsv'
[1.254s] INFO:colcon.colcon_core.shell:Creating package script '/home/robo/Robotics/robotics_ws/install/day2pkg/share/day2pkg/package.sh'
[1.254s] INFO:colcon.colcon_core.shell:Creating package script '/home/robo/Robotics/robotics_ws/install/day2pkg/share/day2pkg/package.bash'
[1.254s] INFO:colcon.colcon_core.shell:Creating package script '/home/robo/Robotics/robotics_ws/install/day2pkg/share/day2pkg/package.zsh'
[1.255s] Level 1:colcon.colcon_core.environment:create_file_with_runtime_dependencies(/home/robo/Robotics/robotics_ws/install/day2pkg/share/colcon-core/packages/day2pkg)
[1.255s] DEBUG:colcon.colcon_parallel_executor.executor.parallel:closing loop
[1.255s] DEBUG:colcon.colcon_parallel_executor.executor.parallel:loop closed
[1.255s] DEBUG:colcon.colcon_parallel_executor.executor.parallel:run_until_complete finished with '0'
[1.255s] DEBUG:colcon.colcon_core.event_reactor:joining thread
[1.267s] INFO:colcon.colcon_core.plugin_system:Skipping extension 'colcon_notification.desktop_notification.terminal_notifier': Not used on non-Darwin systems
[1.268s] INFO:colcon.colcon_core.plugin_system:Skipping extension 'colcon_notification.desktop_notification.win32': Not used on non-Windows systems
[1.268s] INFO:colcon.colcon_notification.desktop_notification:Sending desktop notification using 'notify2'
[1.289s] DEBUG:colcon.colcon_core.event_reactor:joined thread
[1.290s] INFO:colcon.colcon_core.shell:Creating prefix script '/home/robo/Robotics/robotics_ws/install/local_setup.ps1'
[1.290s] INFO:colcon.colcon_core.shell:Creating prefix util module '/home/robo/Robotics/robotics_ws/install/_local_setup_util_ps1.py'
[1.291s] INFO:colcon.colcon_core.shell:Creating prefix chain script '/home/robo/Robotics/robotics_ws/install/setup.ps1'
[1.292s] INFO:colcon.colcon_core.shell:Creating prefix script '/home/robo/Robotics/robotics_ws/install/local_setup.sh'
[1.293s] INFO:colcon.colcon_core.shell:Creating prefix util module '/home/robo/Robotics/robotics_ws/install/_local_setup_util_sh.py'
[1.293s] INFO:colcon.colcon_core.shell:Creating prefix chain script '/home/robo/Robotics/robotics_ws/install/setup.sh'
[1.294s] INFO:colcon.colcon_core.shell:Creating prefix script '/home/robo/Robotics/robotics_ws/install/local_setup.bash'
[1.294s] INFO:colcon.colcon_core.shell:Creating prefix chain script '/home/robo/Robotics/robotics_ws/install/setup.bash'
[1.295s] INFO:colcon.colcon_core.shell:Creating prefix script '/home/robo/Robotics/robotics_ws/install/local_setup.zsh'
[1.295s] INFO:colcon.colcon_core.shell:Creating prefix chain script '/home/robo/Robotics/robotics_ws/install/setup.zsh'
