running egg_info
writing ../../build/day2pkg/day2pkg.egg-info/PKG-INFO
writing dependency_links to ../../build/day2pkg/day2pkg.egg-info/dependency_links.txt
writing entry points to ../../build/day2pkg/day2pkg.egg-info/entry_points.txt
writing requirements to ../../build/day2pkg/day2pkg.egg-info/requires.txt
writing top-level names to ../../build/day2pkg/day2pkg.egg-info/top_level.txt
reading manifest file '../../build/day2pkg/day2pkg.egg-info/SOURCES.txt'
writing manifest file '../../build/day2pkg/day2pkg.egg-info/SOURCES.txt'
running build
running build_py
copying day2pkg/__init__.py -> /home/robo/Robotics/robotics_ws/build/day2pkg/build/lib/day2pkg
copying day2pkg/node1.py -> /home/robo/Robotics/robotics_ws/build/day2pkg/build/lib/day2pkg
running install
running install_lib
copying /home/robo/Robotics/robotics_ws/build/day2pkg/build/lib/day2pkg/__init__.py -> /home/robo/Robotics/robotics_ws/install/day2pkg/lib/python3.12/site-packages/day2pkg
copying /home/robo/Robotics/robotics_ws/build/day2pkg/build/lib/day2pkg/node1.py -> /home/robo/Robotics/robotics_ws/install/day2pkg/lib/python3.12/site-packages/day2pkg
byte-compiling /home/robo/Robotics/robotics_ws/install/day2pkg/lib/python3.12/site-packages/day2pkg/__init__.py to __init__.cpython-312.pyc
byte-compiling /home/robo/Robotics/robotics_ws/install/day2pkg/lib/python3.12/site-packages/day2pkg/node1.py to node1.cpython-312.pyc
running install_data
running install_egg_info
removing '/home/robo/Robotics/robotics_ws/install/day2pkg/lib/python3.12/site-packages/day2pkg-0.0.0-py3.12.egg-info' (and everything under it)
Copying ../../build/day2pkg/day2pkg.egg-info to /home/robo/Robotics/robotics_ws/install/day2pkg/lib/python3.12/site-packages/day2pkg-0.0.0-py3.12.egg-info
running install_scripts
Installing node1 script to /home/robo/Robotics/robotics_ws/install/day2pkg/lib/day2pkg
writing list of installed files to '/home/robo/Robotics/robotics_ws/build/day2pkg/install.log'
