[0.564s] Invoking command in '/home/robo/Robotics/robotics_ws/src/day2pkg': DEBUGINFOD_URLS=https://debuginfod.ubuntu.com PYTHONPATH=/home/robo/Robotics/robotics_ws/build/day2pkg/prefix_override:/usr/lib/python3/dist-packages/colcon_core/task/python/colcon_distutils_commands:/home/robo/Robotics/robotics_ws/install/day2pkg/lib/python3.12/site-packages:${PYTHONPATH} /usr/bin/python3 -W ignore:setup.py install is deprecated -W ignore:easy_install command is deprecated setup.py egg_info --egg-base ../../build/day2pkg build --build-base /home/robo/Robotics/robotics_ws/build/day2pkg/build install --record /home/robo/Robotics/robotics_ws/build/day2pkg/install.log --install-scripts $base/lib/day2pkg --single-version-externally-managed install_data
[0.745s] running egg_info
[0.758s] writing ../../build/day2pkg/day2pkg.egg-info/PKG-INFO
[0.758s] writing dependency_links to ../../build/day2pkg/day2pkg.egg-info/dependency_links.txt
[0.758s] writing entry points to ../../build/day2pkg/day2pkg.egg-info/entry_points.txt
[0.758s] writing requirements to ../../build/day2pkg/day2pkg.egg-info/requires.txt
[0.758s] writing top-level names to ../../build/day2pkg/day2pkg.egg-info/top_level.txt
[0.785s] reading manifest file '../../build/day2pkg/day2pkg.egg-info/SOURCES.txt'
[0.785s] writing manifest file '../../build/day2pkg/day2pkg.egg-info/SOURCES.txt'
[0.785s] running build
[0.785s] running build_py
[0.785s] copying day2pkg/__init__.py -> /home/robo/Robotics/robotics_ws/build/day2pkg/build/lib/day2pkg
[0.785s] copying day2pkg/node1.py -> /home/robo/Robotics/robotics_ws/build/day2pkg/build/lib/day2pkg
[0.786s] running install
[0.790s] running install_lib
[0.803s] copying /home/robo/Robotics/robotics_ws/build/day2pkg/build/lib/day2pkg/__init__.py -> /home/robo/Robotics/robotics_ws/install/day2pkg/lib/python3.12/site-packages/day2pkg
[0.803s] copying /home/robo/Robotics/robotics_ws/build/day2pkg/build/lib/day2pkg/node1.py -> /home/robo/Robotics/robotics_ws/install/day2pkg/lib/python3.12/site-packages/day2pkg
[0.803s] byte-compiling /home/robo/Robotics/robotics_ws/install/day2pkg/lib/python3.12/site-packages/day2pkg/__init__.py to __init__.cpython-312.pyc
[0.804s] byte-compiling /home/robo/Robotics/robotics_ws/install/day2pkg/lib/python3.12/site-packages/day2pkg/node1.py to node1.cpython-312.pyc
[0.804s] running install_data
[0.804s] running install_egg_info
[0.818s] removing '/home/robo/Robotics/robotics_ws/install/day2pkg/lib/python3.12/site-packages/day2pkg-0.0.0-py3.12.egg-info' (and everything under it)
[0.818s] Copying ../../build/day2pkg/day2pkg.egg-info to /home/robo/Robotics/robotics_ws/install/day2pkg/lib/python3.12/site-packages/day2pkg-0.0.0-py3.12.egg-info
[0.819s] running install_scripts
[0.908s] Installing node1 script to /home/robo/Robotics/robotics_ws/install/day2pkg/lib/day2pkg
[0.908s] writing list of installed files to '/home/robo/Robotics/robotics_ws/build/day2pkg/install.log'
[0.929s] Invoked command in '/home/robo/Robotics/robotics_ws/src/day2pkg' returned '0': DEBUGINFOD_URLS=https://debuginfod.ubuntu.com PYTHONPATH=/home/robo/Robotics/robotics_ws/build/day2pkg/prefix_override:/usr/lib/python3/dist-packages/colcon_core/task/python/colcon_distutils_commands:/home/robo/Robotics/robotics_ws/install/day2pkg/lib/python3.12/site-packages:${PYTHONPATH} /usr/bin/python3 -W ignore:setup.py install is deprecated -W ignore:easy_install command is deprecated setup.py egg_info --egg-base ../../build/day2pkg build --build-base /home/robo/Robotics/robotics_ws/build/day2pkg/build install --record /home/robo/Robotics/robotics_ws/build/day2pkg/install.log --install-scripts $base/lib/day2pkg --single-version-externally-managed install_data
